[1/4] dataset=44b6_0113de3b
  detect 44b6_0113de3b t=1/100
  detect 44b6_0113de3b t=10/100
  detect 44b6_0113de3b t=20/100
  detect 44b6_0113de3b t=30/100
  detect 44b6_0113de3b t=40/100
  detect 44b6_0113de3b t=50/100
  detect 44b6_0113de3b t=60/100
  detect 44b6_0113de3b t=70/100
  detect 44b6_0113de3b t=80/100
  detect 44b6_0113de3b t=90/100
  detect 44b6_0113de3b t=100/100
  detections=11027
  candidates nodes=11027 events=119963
  optimize via greedy fallback (events=154529 > ilp_event_limit=40000)
  selected_edges=10105
  postprocess nodes=10860 edges=10105
[2/4] dataset=44b6_0b24845f
  detect 44b6_0b24845f t=1/100
  detect 44b6_0b24845f t=10/100
  detect 44b6_0b24845f t=20/100
  detect 44b6_0b24845f t=30/100
  detect 44b6_0b24845f t=40/100
  detect 44b6_0b24845f t=50/100
  detect 44b6_0b24845f t=60/100
  detect 44b6_0b24845f t=70/100
  detect 44b6_0b24845f t=80/100
  detect 44b6_0b24845f t=90/100
  detect 44b6_0b24845f t=100/100
  detections=9431
  candidates nodes=9431 events=76372
  optimize via greedy fallback (events=82086 > ilp_event_limit=40000)
  selected_edges=8041
  postprocess nodes=9120 edges=8041
[3/4] dataset=6bba_05b6850b
  detect 6bba_05b6850b t=1/100
  detect 6bba_05b6850b t=10/100
  detect 6bba_05b6850b t=20/100
  detect 6bba_05b6850b t=30/100
  detect 6bba_05b6850b t=40/100
  detect 6bba_05b6850b t=50/100
  detect 6bba_05b6850b t=60/100
  detect 6bba_05b6850b t=70/100
  detect 6bba_05b6850b t=80/100
  detect 6bba_05b6850b t=90/100
  detect 6bba_05b6850b t=100/100
  detections=3571
  candidates nodes=3571 events=21811
  selected_edges=3374
  postprocess nodes=3536 edges=3374
[4/4] dataset=6bba_05db0fb1
  detect 6bba_05db0fb1 t=1/100
  detect 6bba_05db0fb1 t=10/100
  detect 6bba_05db0fb1 t=20/100
  detect 6bba_05db0fb1 t=30/100
  detect 6bba_05db0fb1 t=40/100
  detect 6bba_05db0fb1 t=50/100
  detect 6bba_05db0fb1 t=60/100
  detect 6bba_05db0fb1 t=70/100
  detect 6bba_05db0fb1 t=80/100
  detect 6bba_05db0fb1 t=90/100
  detect 6bba_05db0fb1 t=100/100
  detections=14048
  candidates nodes=14048 events=148345
  optimize via greedy fallback (events=185954 > ilp_event_limit=40000)
  selected_edges=12581
  postprocess nodes=13750 edges=12581
outputs/architecture_blob_ilp/submission.csv
EXIT:0
